exit code: 0
=== stdout ===
Regenerated $TESTDIR/flake.nix
=== stderr ===
=== file: flake.nix ===
# Warning: only edit this file if you know what you're doing!
# To customize the build, prefer the optional pagda.nix escape hatch.
{
  description = "Pagda project";

  inputs = {
    nixpkgs.url = "github:NixOS/nixpkgs";

    flake-utils.url = "github:numtide/flake-utils";

    agda-nix = {
      url = "github:input-output-hk/agda.nix";
      inputs.nixpkgs.follows = "nixpkgs";
    };

    pagda.url = "github:WhatisRT/Pagda";
  };

  outputs =
    inputs@{
      self,
        nixpkgs,
        flake-utils,
        pagda,
        ...
    }:
      flake-utils.lib.eachDefaultSystem (
        system:
        let
          pkgs = import nixpkgs {
            inherit system;
            overlays = [
              inputs.agda-nix.overlays.default
            ];
          };

          # The library derivation is derived from the .agda-lib file.
          # An optional pagda.nix can pin or add dependencies (overlay)
          # and customize the build (overrideAttrs).
          pagdaNix =
            if builtins.pathExists ./pagda.nix
            then import ./pagda.nix { inherit pkgs; }
            else { };

          default = pagda.lib.${system}.callAgdaLib2nix {
            agdaPackages = pkgs.agdaPackages;
            src = ./.;
            overlay = pagdaNix.overlay or null;
            overrideAttrs = pagdaNix.overrideAttrs or (_: { });
          };
        in
          {
            packages = {
              inherit default;
              agda = pkgs.agdaPackages.agda.withPackages
                (builtins.filter (p: p ? isAgdaDerivation) default.buildInputs);
            };
          }
      );
}
